 julia_v4_1_mex

 Timestamp is 52f148fa (Tue Feb 04 20:09:30 2014)

 Preferred load address is 0000000180000000

 Start         Length     Name                   Class
 0001:00000000 00003932H .text                   CODE
 0001:00003940 00000092H .text$x                 CODE
 0002:00000000 000002b8H .idata$5                DATA
 0002:000002b8 00000008H .CRT$XCA                DATA
 0002:000002c0 00000008H .CRT$XCZ                DATA
 0002:000002c8 00000008H .CRT$XIA                DATA
 0002:000002d0 00000008H .CRT$XIAA               DATA
 0002:000002d8 00000008H .CRT$XIZ                DATA
 0002:000002e0 00001058H .rdata                  DATA
 0002:00001338 00000008H .rtc$IAA                DATA
 0002:00001340 00000008H .rtc$IZZ                DATA
 0002:00001348 00000008H .rtc$TAA                DATA
 0002:00001350 00000008H .rtc$TZZ                DATA
 0002:00001358 00000238H .xdata                  DATA
 0002:00001590 00000078H .idata$2                DATA
 0002:00001608 00000014H .idata$3                DATA
 0002:00001620 000002b8H .idata$4                DATA
 0002:000018d8 0000075eH .idata$6                DATA
 0002:00002040 000000c8H .edata                  DATA
 0003:00000000 00000468H .data                   DATA
 0003:00000470 000005c0H .bss                    DATA
 0004:00000000 000001d4H .pdata                  DATA

  Address         Publics by Value              Rva+Base               Lib:Object

 0000:00000000       ___safe_se_handler_count   0000000000000000     <absolute>
 0000:00000000       ___safe_se_handler_table   0000000000000000     <absolute>
 0000:00000000       __ImageBase                0000000180000000     <linker-defined>
 0001:00000000       julia_v4_1_initialize      0000000180001000 f   julia_v4_1_initialize.obj
 0001:00000060       julia_v4_1_atexit          0000000180001060 f   julia_v4_1_terminate.obj
 0001:000000b0       julia_v4_1_terminate       00000001800010b0 f   julia_v4_1_terminate.obj
 0001:00000500       julia_v4_1                 0000000180001500 f   julia_v4_1.obj
 0001:00002270       emlrtMexFcnResolvedFunctionsInfo 0000000180003270 f   julia_v4_1_api.obj
 0001:000026d0       julia_v4_1_api             00000001800036d0 f   julia_v4_1_api.obj
 0001:00002930       emxEnsureCapacity          0000000180003930 f   julia_v4_1_emxutil.obj
 0001:00002a40       emxFree_creal_T            0000000180003a40 f   julia_v4_1_emxutil.obj
 0001:00002a40       emxFree_boolean_T          0000000180003a40 f   julia_v4_1_emxutil.obj
 0001:00002a40       emxFree_real_T             0000000180003a40 f   julia_v4_1_emxutil.obj
 0001:00002a40       emxFree_int32_T            0000000180003a40 f   julia_v4_1_emxutil.obj
 0001:00002a80       emxInit_real_T             0000000180003a80 f   julia_v4_1_emxutil.obj
 0001:00002a80       emxInit_int32_T            0000000180003a80 f   julia_v4_1_emxutil.obj
 0001:00002a80       emxInit_boolean_T          0000000180003a80 f   julia_v4_1_emxutil.obj
 0001:00002a80       emxInit_creal_T            0000000180003a80 f   julia_v4_1_emxutil.obj
 0001:00002c80       julia_v4_1_atexit_wrapper  0000000180003c80 f   julia_v4_1_mex.obj
 0001:00002c90       mexFunction                0000000180003c90 f   julia_v4_1_mex.obj
 0001:00002ce0       emlrtMexFcnProperties      0000000180003ce0 f   julia_v4_1_mex.obj
 0001:00002e3c       mxCreateCharArray_700      0000000180003e3c f   libmx:libmx.dll
 0001:00002e42       mxCreateString             0000000180003e42 f   libmx:libmx.dll
 0001:00002e48       mxCreateNumericArray_700   0000000180003e48 f   libmx:libmx.dll
 0001:00002e4e       mxSetDimensions_700        0000000180003e4e f   libmx:libmx.dll
 0001:00002e54       mxSetData                  0000000180003e54 f   libmx:libmx.dll
 0001:00002e5a       mxGetData                  0000000180003e5a f   libmx:libmx.dll
 0001:00002e60       mxCreateNumericMatrix_700  0000000180003e60 f   libmx:libmx.dll
 0001:00002e66       mxCreateStructArray_700    0000000180003e66 f   libmx:libmx.dll
 0001:00002e6c       mxCreateDoubleScalar       0000000180003e6c f   libmx:libmx.dll
 0001:00002e72       mxSetFieldByNumber_700     0000000180003e72 f   libmx:libmx.dll
 0001:00002e78       mxCreateLogicalMatrix_700  0000000180003e78 f   libmx:libmx.dll
 0001:00002e7e       mxCreateStructMatrix_700   0000000180003e7e f   libmx:libmx.dll
 0001:00002e84       mexAtExit                  0000000180003e84 f   libmex:libmex.dll
 0001:00002e8a       emlrtFirstTimeR2012b       0000000180003e8a f   libemlrt:libemlrt.dll
 0001:00002e90       emlrtEnterRtStackR2012b    0000000180003e90 f   libemlrt:libemlrt.dll
 0001:00002e96       emlrtClearAllocCountR2012b 0000000180003e96 f   libemlrt:libemlrt.dll
 0001:00002e9c       emlrtCreateRootTLS         0000000180003e9c f   libemlrt:libemlrt.dll
 0001:00002ea2       emlrtGetBreakCheckFlagAddressR2012b 0000000180003ea2 f   libemlrt:libemlrt.dll
 0001:00002ea8       emlrtDestroyRootTLS        0000000180003ea8 f   libemlrt:libemlrt.dll
 0001:00002eae       emlrtLeaveRtStackR2012b    0000000180003eae f   libemlrt:libemlrt.dll
 0001:00002eb4       emlrtCallMATLABR2012b      0000000180003eb4 f   libemlrt:libemlrt.dll
 0001:00002eba       emlrtPopRtStackR2012b      0000000180003eba f   libemlrt:libemlrt.dll
 0001:00002ec0       emlrtAssign                0000000180003ec0 f   libemlrt:libemlrt.dll
 0001:00002ec6       emlrtInitCharArrayR2013a   0000000180003ec6 f   libemlrt:libemlrt.dll
 0001:00002ecc       emlrtPushRtStackR2012b     0000000180003ecc f   libemlrt:libemlrt.dll
 0001:00002ed2       emlrtHeapReferenceStackLeaveFcnR2012b 0000000180003ed2 f   libemlrt:libemlrt.dll
 0001:00002ed8       emlrtBreakCheckR2012b      0000000180003ed8 f   libemlrt:libemlrt.dll
 0001:00002ede       emlrtSizeEqCheckNDR2012b   0000000180003ede f   libemlrt:libemlrt.dll
 0001:00002ee4       emlrtSizeEqCheck1DR2012b   0000000180003ee4 f   libemlrt:libemlrt.dll
 0001:00002eea       emlrtDynamicBoundsCheckR2012b 0000000180003eea f   libemlrt:libemlrt.dll
 0001:00002ef0       emlrtHeapReferenceStackEnterFcnR2012b 0000000180003ef0 f   libemlrt:libemlrt.dll
 0001:00002ef6       emlrtExportNumericArrayR2013a 0000000180003ef6 f   libemlrt:libemlrt.dll
 0001:00002efc       emlrtDestroyArray          0000000180003efc f   libemlrt:libemlrt.dll
 0001:00002f02       emlrtImportArrayR2011b     0000000180003f02 f   libemlrt:libemlrt.dll
 0001:00002f08       emlrtCheckVsBuiltInR2012b  0000000180003f08 f   libemlrt:libemlrt.dll
 0001:00002f0e       emlrtCheckBuiltInR2012b    0000000180003f0e f   libemlrt:libemlrt.dll
 0001:00002f14       emlrtNameCapturePostProcessR2012a 0000000180003f14 f   libemlrt:libemlrt.dll
 0001:00002f1a       emlrtAlias                 0000000180003f1a f   libemlrt:libemlrt.dll
 0001:00002f20       emlrtAddField              0000000180003f20 f   libemlrt:libemlrt.dll
 0001:00002f26       emlrtAliasP                0000000180003f26 f   libemlrt:libemlrt.dll
 0001:00002f2c       emlrtFreeMex               0000000180003f2c f   libemlrt:libemlrt.dll
 0001:00002f32       emlrtHeapAllocationErrorR2012b 0000000180003f32 f   libemlrt:libemlrt.dll
 0001:00002f38       emlrtCallocMex             0000000180003f38 f   libemlrt:libemlrt.dll
 0001:00002f3e       emlrtSizeMulR2012b         0000000180003f3e f   libemlrt:libemlrt.dll
 0001:00002f44       emlrtPushHeapReferenceStackR2012b 0000000180003f44 f   libemlrt:libemlrt.dll
 0001:00002f4a       emlrtMallocMex             0000000180003f4a f   libemlrt:libemlrt.dll
 0001:00002f50       emlrtReturnArrayR2009a     0000000180003f50 f   libemlrt:libemlrt.dll
 0001:00002f56       emlrtErrMsgIdAndTxt        0000000180003f56 f   libemlrt:libemlrt.dll
 0001:00002f5c       muDoubleScalarHypot        0000000180003f5c f   libmwmathutil:libmwmathutil.dll
 0001:00002f64       __GSHandlerCheckCommon     0000000180003f64 f   MSVCRT:gshandler.obj
 0001:00002fc8       __GSHandlerCheck           0000000180003fc8 f   MSVCRT:gshandler.obj
 0001:00003000       __security_check_cookie    0000000180004000 f   MSVCRT:amdsecgs.obj
 0001:00003030       __chkstk                   0000000180004030 f   MSVCRT:chkstk.obj
 0001:00003030       _alloca_probe              0000000180004030     MSVCRT:chkstk.obj
 0001:0000307e       memcpy                     000000018000407e f   MSVCRT:MSVCR100.dll
 0001:000030e4       _CRT_INIT                  00000001800040e4 f   MSVCRT:crtdll.obj
 0001:0000347c       _DllMainCRTStartup         000000018000447c f   MSVCRT:crtdll.obj
 0001:000034bc       __report_gsfailure         00000001800044bc f   MSVCRT:gs_report.obj
 0001:00003608       __clean_type_info_names    0000000180004608 f   MSVCRT:tncleanup.obj
 0001:00003614       _onexit                    0000000180004614 f   MSVCRT:atonexit.obj
 0001:000036c4       atexit                     00000001800046c4 f   MSVCRT:atonexit.obj
 0001:000036dc       _RTC_Initialize            00000001800046dc f   MSVCRT:_initsect_.obj
 0001:00003714       _RTC_Terminate             0000000180004714 f   MSVCRT:_initsect_.obj
 0001:00003750       _ValidateImageBase         0000000180004750 f   MSVCRT:pesect.obj
 0001:00003780       _FindPESection             0000000180004780 f   MSVCRT:pesect.obj
 0001:000037d0       _IsNonwritableInCurrentImage 00000001800047d0 f   MSVCRT:pesect.obj
 0001:00003812       _initterm                  0000000180004812 f   MSVCRT:MSVCR100.dll
 0001:00003818       _initterm_e                0000000180004818 f   MSVCRT:MSVCR100.dll
 0001:0000381e       _amsg_exit                 000000018000481e f   MSVCRT:MSVCR100.dll
 0001:00003824       __C_specific_handler       0000000180004824 f   MSVCRT:MSVCR100.dll
 0001:0000382a       __CppXcptFilter            000000018000482a f   MSVCRT:MSVCR100.dll
 0001:00003830       DllMain                    0000000180004830 f   MSVCRT:dllmain.obj
 0001:00003854       __security_init_cookie     0000000180004854 f   MSVCRT:gs_support.obj
 0001:00003908       __crt_debugger_hook        0000000180004908 f   MSVCRT:MSVCR100.dll
 0001:0000390e       __clean_type_info_names_internal 000000018000490e f   MSVCRT:MSVCR100.dll
 0001:00003914       _unlock                    0000000180004914 f   MSVCRT:MSVCR100.dll
 0001:0000391a       __dllonexit                000000018000491a f   MSVCRT:MSVCR100.dll
 0001:00003920       _lock                      0000000180004920 f   MSVCRT:MSVCR100.dll
 0001:00003926       RtlVirtualUnwind           0000000180004926 f   kernel32:KERNEL32.dll
 0001:0000392c       RtlLookupFunctionEntry     000000018000492c f   kernel32:KERNEL32.dll
 0002:00000000       __imp_GetSystemTimeAsFileTime 0000000180005000     kernel32:KERNEL32.dll
 0002:00000008       __imp_GetCurrentProcessId  0000000180005008     kernel32:KERNEL32.dll
 0002:00000010       __imp_GetCurrentThreadId   0000000180005010     kernel32:KERNEL32.dll
 0002:00000018       __imp_GetTickCount         0000000180005018     kernel32:KERNEL32.dll
 0002:00000020       __imp_QueryPerformanceCounter 0000000180005020     kernel32:KERNEL32.dll
 0002:00000028       __imp_DisableThreadLibraryCalls 0000000180005028     kernel32:KERNEL32.dll
 0002:00000030       __imp_RtlCaptureContext    0000000180005030     kernel32:KERNEL32.dll
 0002:00000038       __imp_RtlLookupFunctionEntry 0000000180005038     kernel32:KERNEL32.dll
 0002:00000040       __imp_RtlVirtualUnwind     0000000180005040     kernel32:KERNEL32.dll
 0002:00000048       __imp_IsDebuggerPresent    0000000180005048     kernel32:KERNEL32.dll
 0002:00000050       __imp_SetUnhandledExceptionFilter 0000000180005050     kernel32:KERNEL32.dll
 0002:00000058       __imp_UnhandledExceptionFilter 0000000180005058     kernel32:KERNEL32.dll
 0002:00000060       __imp_GetCurrentProcess    0000000180005060     kernel32:KERNEL32.dll
 0002:00000068       __imp_TerminateProcess     0000000180005068     kernel32:KERNEL32.dll
 0002:00000070       __imp_DecodePointer        0000000180005070     kernel32:KERNEL32.dll
 0002:00000078       __imp_Sleep                0000000180005078     kernel32:KERNEL32.dll
 0002:00000080       __imp_EncodePointer        0000000180005080     kernel32:KERNEL32.dll
 0002:00000088       \177KERNEL32_NULL_THUNK_DATA 0000000180005088     kernel32:KERNEL32.dll
 0002:00000090       __imp__onexit              0000000180005090     MSVCRT:MSVCR100.dll
 0002:00000098       __imp___dllonexit          0000000180005098     MSVCRT:MSVCR100.dll
 0002:000000a0       __imp__unlock              00000001800050a0     MSVCRT:MSVCR100.dll
 0002:000000a8       __imp___clean_type_info_names_internal 00000001800050a8     MSVCRT:MSVCR100.dll
 0002:000000b0       __imp___crt_debugger_hook  00000001800050b0     MSVCRT:MSVCR100.dll
 0002:000000b8       __imp___CppXcptFilter      00000001800050b8     MSVCRT:MSVCR100.dll
 0002:000000c0       __imp___C_specific_handler 00000001800050c0     MSVCRT:MSVCR100.dll
 0002:000000c8       __imp__amsg_exit           00000001800050c8     MSVCRT:MSVCR100.dll
 0002:000000d0       __imp__encoded_null        00000001800050d0     MSVCRT:MSVCR100.dll
 0002:000000d8       __imp_free                 00000001800050d8     MSVCRT:MSVCR100.dll
 0002:000000e0       __imp__initterm_e          00000001800050e0     MSVCRT:MSVCR100.dll
 0002:000000e8       __imp__initterm            00000001800050e8     MSVCRT:MSVCR100.dll
 0002:000000f0       __imp__malloc_crt          00000001800050f0     MSVCRT:MSVCR100.dll
 0002:000000f8       __imp_memcpy               00000001800050f8     MSVCRT:MSVCR100.dll
 0002:00000100       __imp__lock                0000000180005100     MSVCRT:MSVCR100.dll
 0002:00000108       \177MSVCR100_NULL_THUNK_DATA 0000000180005108     MSVCRT:MSVCR100.dll
 0002:00000110       __imp_emlrtDestroyArray    0000000180005110     libemlrt:libemlrt.dll
 0002:00000118       __imp_emlrtClearAllocCountR2012b 0000000180005118     libemlrt:libemlrt.dll
 0002:00000120       __imp_emlrtCheckVsBuiltInR2012b 0000000180005120     libemlrt:libemlrt.dll
 0002:00000128       __imp_emlrtCheckBuiltInR2012b 0000000180005128     libemlrt:libemlrt.dll
 0002:00000130       __imp_emlrtNameCapturePostProcessR2012a 0000000180005130     libemlrt:libemlrt.dll
 0002:00000138       __imp_emlrtAlias           0000000180005138     libemlrt:libemlrt.dll
 0002:00000140       __imp_emlrtAddField        0000000180005140     libemlrt:libemlrt.dll
 0002:00000148       __imp_emlrtAliasP          0000000180005148     libemlrt:libemlrt.dll
 0002:00000150       __imp_emlrtFreeMex         0000000180005150     libemlrt:libemlrt.dll
 0002:00000158       __imp_emlrtExportNumericArrayR2013a 0000000180005158     libemlrt:libemlrt.dll
 0002:00000160       __imp_emlrtCallocMex       0000000180005160     libemlrt:libemlrt.dll
 0002:00000168       __imp_emlrtSizeMulR2012b   0000000180005168     libemlrt:libemlrt.dll
 0002:00000170       __imp_emlrtPushHeapReferenceStackR2012b 0000000180005170     libemlrt:libemlrt.dll
 0002:00000178       __imp_emlrtMallocMex       0000000180005178     libemlrt:libemlrt.dll
 0002:00000180       __imp_emlrtReturnArrayR2009a 0000000180005180     libemlrt:libemlrt.dll
 0002:00000188       __imp_emlrtErrMsgIdAndTxt  0000000180005188     libemlrt:libemlrt.dll
 0002:00000190       __imp_emlrtEnterRtStackR2012b 0000000180005190     libemlrt:libemlrt.dll
 0002:00000198       __imp_emlrtFirstTimeR2012b 0000000180005198     libemlrt:libemlrt.dll
 0002:000001a0       __imp_emlrtHeapReferenceStackEnterFcnR2012b 00000001800051a0     libemlrt:libemlrt.dll
 0002:000001a8       __imp_emlrtDynamicBoundsCheckR2012b 00000001800051a8     libemlrt:libemlrt.dll
 0002:000001b0       __imp_emlrtSizeEqCheck1DR2012b 00000001800051b0     libemlrt:libemlrt.dll
 0002:000001b8       __imp_emlrtSizeEqCheckNDR2012b 00000001800051b8     libemlrt:libemlrt.dll
 0002:000001c0       __imp_emlrtBreakCheckR2012b 00000001800051c0     libemlrt:libemlrt.dll
 0002:000001c8       __imp_emlrtHeapReferenceStackLeaveFcnR2012b 00000001800051c8     libemlrt:libemlrt.dll
 0002:000001d0       __imp_emlrtPushRtStackR2012b 00000001800051d0     libemlrt:libemlrt.dll
 0002:000001d8       __imp_emlrtInitCharArrayR2013a 00000001800051d8     libemlrt:libemlrt.dll
 0002:000001e0       __imp_emlrtAssign          00000001800051e0     libemlrt:libemlrt.dll
 0002:000001e8       __imp_emlrtPopRtStackR2012b 00000001800051e8     libemlrt:libemlrt.dll
 0002:000001f0       __imp_emlrtCallMATLABR2012b 00000001800051f0     libemlrt:libemlrt.dll
 0002:000001f8       __imp_emlrtLeaveRtStackR2012b 00000001800051f8     libemlrt:libemlrt.dll
 0002:00000200       __imp_emlrtDestroyRootTLS  0000000180005200     libemlrt:libemlrt.dll
 0002:00000208       __imp_emlrtGetBreakCheckFlagAddressR2012b 0000000180005208     libemlrt:libemlrt.dll
 0002:00000210       __imp_emlrtHeapAllocationErrorR2012b 0000000180005210     libemlrt:libemlrt.dll
 0002:00000218       __imp_emlrtCreateRootTLS   0000000180005218     libemlrt:libemlrt.dll
 0002:00000220       __imp_emlrtImportArrayR2011b 0000000180005220     libemlrt:libemlrt.dll
 0002:00000228       \177libemlrt_NULL_THUNK_DATA 0000000180005228     libemlrt:libemlrt.dll
 0002:00000230       __imp_mexAtExit            0000000180005230     libmex:libmex.dll
 0002:00000238       \177libmex_NULL_THUNK_DATA 0000000180005238     libmex:libmex.dll
 0002:00000240       __imp_muDoubleScalarHypot  0000000180005240     libmwmathutil:libmwmathutil.dll
 0002:00000248       \177libmwmathutil_NULL_THUNK_DATA 0000000180005248     libmwmathutil:libmwmathutil.dll
 0002:00000250       __imp_mxCreateStructMatrix_700 0000000180005250     libmx:libmx.dll
 0002:00000258       __imp_mxCreateLogicalMatrix_700 0000000180005258     libmx:libmx.dll
 0002:00000260       __imp_mxSetFieldByNumber_700 0000000180005260     libmx:libmx.dll
 0002:00000268       __imp_mxCreateDoubleScalar 0000000180005268     libmx:libmx.dll
 0002:00000270       __imp_mxCreateStructArray_700 0000000180005270     libmx:libmx.dll
 0002:00000278       __imp_mxCreateNumericMatrix_700 0000000180005278     libmx:libmx.dll
 0002:00000280       __imp_mxGetData            0000000180005280     libmx:libmx.dll
 0002:00000288       __imp_mxSetData            0000000180005288     libmx:libmx.dll
 0002:00000290       __imp_mxSetDimensions_700  0000000180005290     libmx:libmx.dll
 0002:00000298       __imp_mxCreateNumericArray_700 0000000180005298     libmx:libmx.dll
 0002:000002a0       __imp_mxCreateString       00000001800052a0     libmx:libmx.dll
 0002:000002a8       __imp_mxCreateCharArray_700 00000001800052a8     libmx:libmx.dll
 0002:000002b0       \177libmx_NULL_THUNK_DATA  00000001800052b0     libmx:libmx.dll
 0002:000002b8       __xc_a                     00000001800052b8     MSVCRT:cinitexe.obj
 0002:000002c0       __xc_z                     00000001800052c0     MSVCRT:cinitexe.obj
 0002:000002c8       __xi_a                     00000001800052c8     MSVCRT:cinitexe.obj
 0002:000002d8       __xi_z                     00000001800052d8     MSVCRT:cinitexe.obj
 0002:000002e0       ??_C@_02IFBCKDHD@vz?$AA@   00000001800052e0     julia_v4_1.obj
 0002:000002f0       ??_C@_0EA@PACOBCCF@C?3?1matlab?1R2013a?1toolbox?1eml?1lib@ 00000001800052f0     julia_v4_1.obj
 0002:00000330       ??_C@_0BC@JEELAMCJ@eml_scalexp_alloc?$AA@ 0000000180005330     julia_v4_1.obj
 0002:00000348       ??_C@_0DE@MBHLJJIK@C?3?1matlab?1R2013a?1toolbox?1eml?1lib@ 0000000180005348     julia_v4_1.obj
 0002:0000037c       ??_C@_03BCGAIFPO@abs?$AA@  000000018000537c     julia_v4_1.obj
 0002:00000380       ??_C@_0DK@CGLAEJBI@C?3?1matlab?1R2013a?1toolbox?1eml?1lib@ 0000000180005380     julia_v4_1.obj
 0002:000003c0       ??_C@_0M@LOJNOHOD@eml_li_find?$AA@ 00000001800053c0     julia_v4_1.obj
 0002:000003d0       ??_C@_0DN@LNHNNJJG@C?3?1matlab?1R2013a?1toolbox?1eml?1lib@ 00000001800053d0     julia_v4_1.obj
 0002:00000410       ??_C@_0P@GKLNBMCJ@eml_all_or_any?$AA@ 0000000180005410     julia_v4_1.obj
 0002:00000420       ??_C@_0DC@MAKCBBIL@C?3?1matlab?1R2013a?1toolbox?1eml?1lib@ 0000000180005420     julia_v4_1.obj
 0002:00000454       ??_C@_03OBJFJEBA@any?$AA@  0000000180005454     julia_v4_1.obj
 0002:00000460       ??_C@_0EN@OHIMFJMF@C?3?1matlab?1R2013a?1toolbox?1eml?1lib@ 0000000180005460     julia_v4_1.obj
 0002:000004b0       ??_C@_0BP@OEONONCM@eml_int_forloop_overflow_check?$AA@ 00000001800054b0     julia_v4_1.obj
 0002:000004d0       ??_C@_0DN@KKCGJOHD@C?3?1matlab?1R2013a?1toolbox?1eml?1lib@ 00000001800054d0     julia_v4_1.obj
 0002:00000510       ??_C@_0P@PAOJKEOI@eml_min_or_max?$AA@ 0000000180005510     julia_v4_1.obj
 0002:00000520       ??_C@_0DG@CPPCHKP@C?3?1matlab?1R2013a?1toolbox?1eml?1lib@ 0000000180005520     julia_v4_1.obj
 0002:00000558       ??_C@_03LJAEFNNE@max?$AA@  0000000180005558     julia_v4_1.obj
 0002:00000560       ??_C@_0CP@MKLKJGIE@H?3?1Desktop?1GitHub?1HPC?92014?1CW1?1q@ 0000000180005560     julia_v4_1.obj
 0002:00000590       ??_C@_0L@DLOPOOIG@julia_v4_1?$AA@ 0000000180005590     julia_v4_1.obj
 0002:000006c8       ??_C@_07ONPBMBOP@message?$AA@ 00000001800056c8     julia_v4_1.obj
 0002:000006d0       ??_C@_05KKCIMGE@error?$AA@ 00000001800056d0     julia_v4_1.obj
 0002:000006d8       ??_C@_0BC@DHBLDLOI@Assertion?5failed?4?$AA@ 00000001800056d8     julia_v4_1.obj
 0002:000006f0       __real@3ff0000000000000    00000001800056f0     julia_v4_1.obj
 0002:000006f8       ??_C@_00CNPNBAHC@?$AA@     00000001800056f8     julia_v4_1_api.obj
 0002:00000700       ??_C@_0P@NKLEGCII@julia_v4_1_api?$AA@ 0000000180005700     julia_v4_1_api.obj
 0002:0000071c       ??_C@_06BNJCAIGJ@double?$AA@ 000000018000571c     julia_v4_1_api.obj
 0002:00000728       ??_C@_0DH@LODENFNP@?$FLILXE?$FN$matlabroot$?1toolbox?1eml?1l@ 0000000180005728     julia_v4_1_api.obj
 0002:00000760       ??_C@_06PCBFLGP@mtimes?$AA@ 0000000180005760     julia_v4_1_api.obj
 0002:00000770       ??_C@_0EJ@ICIFOOJM@?$FLILXE?$FN$matlabroot$?1toolbox?1eml?1l@ 0000000180005770     julia_v4_1_api.obj
 0002:000007c0       ??_C@_0EC@EDKCHFKG@?$FLILXE?$FN$matlabroot$?1toolbox?1eml?1l@ 00000001800057c0     julia_v4_1_api.obj
 0002:00000808       ??_C@_0DP@JAKKLAFJ@?$FLILXE?$FN$matlabroot$?1toolbox?1eml?1l@ 0000000180005808     julia_v4_1_api.obj
 0002:00000848       ??_C@_0DG@PFPDNIHA@?$FLILXE?$FN$matlabroot$?1toolbox?1eml?1l@ 0000000180005848     julia_v4_1_api.obj
 0002:00000880       ??_C@_05PLIADJJL@power?$AA@ 0000000180005880     julia_v4_1_api.obj
 0002:00000890       ??_C@_0EK@DAIIEKFK@?$FLILXE?$FN$matlabroot$?1toolbox?1eml?1l@ 0000000180005890     julia_v4_1_api.obj
 0002:000008e0       ??_C@_0DM@CMPJFBOP@?$FLILXE?$FN$matlabroot$?1toolbox?1eml?1l@ 00000001800058e0     julia_v4_1_api.obj
 0002:00000920       ??_C@_0EC@KCMPNKKM@?$FLILXE?$FN$matlabroot$?1toolbox?1eml?1l@ 0000000180005920     julia_v4_1_api.obj
 0002:00000968       ??_C@_0BC@KFDFJODE@eml_matrix_npages?$AA@ 0000000180005968     julia_v4_1_api.obj
 0002:00000980       ??_C@_0EA@NHKEHCBE@?$FLILXE?$FN$matlabroot$?1toolbox?1eml?1l@ 0000000180005980     julia_v4_1_api.obj
 0002:000009c0       ??_C@_0BA@DCOEOBGC@eml_index_times?$AA@ 00000001800059c0     julia_v4_1_api.obj
 0002:000009d0       ??_C@_0O@CHHNCCAN@eml_size_prod?$AA@ 00000001800059d0     julia_v4_1_api.obj
 0002:000009e0       ??_C@_0ED@JIBDCDEA@?$FLILXE?$FN$matlabroot$?1toolbox?1eml?1l@ 00000001800059e0     julia_v4_1_api.obj
 0002:00000a28       ??_C@_0BD@PIJOPFN@eml_matrix_vstride?$AA@ 0000000180005a28     julia_v4_1_api.obj
 0002:00000a40       ??_C@_0DO@HACIDIPI@?$FLILXE?$FN$matlabroot$?1toolbox?1eml?1l@ 0000000180005a40     julia_v4_1_api.obj
 0002:00000a80       ??_C@_0BA@BIKOLOKP@eml_index_minus?$AA@ 0000000180005a80     julia_v4_1_api.obj
 0002:00000a90       ??_C@_0EB@NCIHPOOF@?$FLILXE?$FN$matlabroot$?1toolbox?1eml?1l@ 0000000180005a90     julia_v4_1_api.obj
 0002:00000ad8       ??_C@_0BB@PACNMNAE@eml_isequal_core?$AA@ 0000000180005ad8     julia_v4_1_api.obj
 0002:00000af0       ??_C@_0EA@FCCELNDI@?$FLILXE?$FN$matlabroot$?1toolbox?1eml?1l@ 0000000180005af0     julia_v4_1_api.obj
 0002:00000b30       ??_C@_0DK@ENDCOJGF@?$FLILXE?$FN$matlabroot$?1toolbox?1eml?1l@ 0000000180005b30     julia_v4_1_api.obj
 0002:00000b70       ??_C@_07MIMONDDE@isequal?$AA@ 0000000180005b70     julia_v4_1_api.obj
 0002:00000b78       ??_C@_0DE@NNNJMFPL@?$FLILXE?$FN$matlabroot$?1toolbox?1eml?1l@ 0000000180005b78     julia_v4_1_api.obj
 0002:00000bb0       ??_C@_07EIHKFOOB@logical?$AA@ 0000000180005bb0     julia_v4_1_api.obj
 0002:00000bb8       ??_C@_0DL@IKEFNJOG@?$FLILXE?$FN$matlabroot$?1toolbox?1eml?1l@ 0000000180005bb8     julia_v4_1_api.obj
 0002:00000bf8       ??_C@_0L@NOEBDGGL@eml_dlapy2?$AA@ 0000000180005bf8     julia_v4_1_api.obj
 0002:00000c10       ??_C@_0EB@JMHDJNBF@?$FLILXE?$FN$matlabroot$?1toolbox?1eml?1l@ 0000000180005c10     julia_v4_1_api.obj
 0002:00000c58       ??_C@_0P@DEOLODNE@eml_scalar_abs?$AA@ 0000000180005c58     julia_v4_1_api.obj
 0002:00000c68       ??_C@_0DG@GPPKOLMK@?$FLILXE?$FN$matlabroot$?1toolbox?1eml?1l@ 0000000180005c68     julia_v4_1_api.obj
 0002:00000ca0       ??_C@_0DK@NBBBHAFE@?$FLILXE?$FN$matlabroot$?1toolbox?1eml?1l@ 0000000180005ca0     julia_v4_1_api.obj
 0002:00000ce0       ??_C@_0DP@IAONNNKE@?$FLILXE?$FN$matlabroot$?1toolbox?1eml?1l@ 0000000180005ce0     julia_v4_1_api.obj
 0002:00000d20       ??_C@_0BA@DMFOHEOD@function_handle?$AA@ 0000000180005d20     julia_v4_1_api.obj
 0002:00000d30       ??_C@_0EP@LONMACPJ@?$FLILXE?$FN$matlabroot$?1toolbox?1eml?1l@ 0000000180005d30     julia_v4_1_api.obj
 0002:00000d80       ??_C@_09NODCPLED@eml_relop?$AA@ 0000000180005d80     julia_v4_1_api.obj
 0002:00000d90       ??_C@_0DJ@PBLDDNNK@?$FLILXE?$FN$matlabroot$?1toolbox?1eml?1l@ 0000000180005d90     julia_v4_1_api.obj
 0002:00000dcc       ??_C@_06CFKOHMKF@intmax?$AA@ 0000000180005dcc     julia_v4_1_api.obj
 0002:00000de0       ??_C@_0HF@KHPAKDPE@?$FLILXE?$FN$matlabroot$?1toolbox?1eml?1l@ 0000000180005de0     julia_v4_1_api.obj
 0002:00000e58       ??_C@_0BI@MOBBIOAA@coder?4internal?4indexInt?$AA@ 0000000180005e58     julia_v4_1_api.obj
 0002:00000e70       ??_C@_0DI@NOGOOKFE@?$FLILXE?$FN$matlabroot$?1toolbox?1eml?1l@ 0000000180005e70     julia_v4_1_api.obj
 0002:00000eb0       ??_C@_0EL@PHDBKCJB@?$FLILXE?$FN$matlabroot$?1toolbox?1eml?1l@ 0000000180005eb0     julia_v4_1_api.obj
 0002:00000f00       ??_C@_0BL@CDOFOJKC@eml_const_nonsingleton_dim?$AA@ 0000000180005f00     julia_v4_1_api.obj
 0002:00000f1c       ??_C@_04ENMBGAPA@char?$AA@ 0000000180005f1c     julia_v4_1_api.obj
 0002:00000f30       ??_C@_0FA@NLJKFOCK@?$FLILXE?$FN$matlabroot$?1toolbox?1eml?1l@ 0000000180005f30     julia_v4_1_api.obj
 0002:00000f80       ??_C@_0DP@KEPDCHIB@?$FLILXE?$FN$matlabroot$?1toolbox?1eml?1l@ 0000000180005f80     julia_v4_1_api.obj
 0002:00000fc0       ??_C@_0P@DJHCLAEH@eml_index_plus?$AA@ 0000000180005fc0     julia_v4_1_api.obj
 0002:00000fd0       ??_C@_0EA@GLIAMHNI@?$FLILXE?$FN$matlabroot$?1toolbox?1eml?1l@ 0000000180005fd0     julia_v4_1_api.obj
 0002:00001010       ??_C@_0EM@LIFKDPLC@?$FLILXE?$FN$matlabroot$?1toolbox?1eml?1l@ 0000000180006010     julia_v4_1_api.obj
 0002:00001060       ??_C@_0DP@JHLGJKEB@?$FLILXE?$FN$matlabroot$?1toolbox?1eml?1l@ 0000000180006060     julia_v4_1_api.obj
 0002:000010a0       ??_C@_0DC@CHMHNDDH@?$FLE?$FNH?3?1Desktop?1GitHub?1HPC?92014?1CW@ 00000001800060a0     julia_v4_1_api.obj
 0002:000010d8       ??_C@_0DI@EMINNGDL@?$FLILXE?$FN$matlabroot$?1toolbox?1eml?1l@ 00000001800060d8     julia_v4_1_api.obj
 0002:00001110       ??_C@_0DO@FIFFNPJ@?$FLILXE?$FN$matlabroot$?1toolbox?1eml?1l@ 0000000180006110     julia_v4_1_api.obj
 0002:00001150       ??_C@_0DJ@HMGCMLEI@?$FLILXE?$FN$matlabroot$?1toolbox?1eml?1l@ 0000000180006150     julia_v4_1_api.obj
 0002:00001190       ??_C@_0O@DGEIFEHG@eml_scalar_eg?$AA@ 0000000180006190     julia_v4_1_api.obj
 0002:000011a0       ??_C@_0BA@LGKKDMEL@eml_index_class?$AA@ 00000001800061a0     julia_v4_1_api.obj
 0002:000011b0       ??_C@_06IJDLPEM@length?$AA@ 00000001800061b0     julia_v4_1_api.obj
 0002:000011b8       ??_C@_05LGCGPNNP@isnan?$AA@ 00000001800061b8     julia_v4_1_api.obj
 0002:000011c0       ??_C@_0M@FMAJFPGC@mFileTimeHi?$AA@ 00000001800061c0     julia_v4_1_api.obj
 0002:000011d0       ??_C@_0M@NFKFADI@mFileTimeLo?$AA@ 00000001800061d0     julia_v4_1_api.obj
 0002:000011e0       ??_C@_0L@HMDKMKNA@fileTimeHi?$AA@ 00000001800061e0     julia_v4_1_api.obj
 0002:000011f0       ??_C@_0L@CNGJMFIK@fileTimeLo?$AA@ 00000001800061f0     julia_v4_1_api.obj
 0002:00001200       ??_C@_08CGJBBLIA@resolved?$AA@ 0000000180006200     julia_v4_1_api.obj
 0002:00001210       ??_C@_0N@IGLAPNJK@dominantType?$AA@ 0000000180006210     julia_v4_1_api.obj
 0002:00001220       ??_C@_04MEMAJGDJ@name?$AA@ 0000000180006220     julia_v4_1_api.obj
 0002:00001228       ??_C@_07JKKCBBMM@context?$AA@ 0000000180006228     julia_v4_1_api.obj
 0002:00001230       ??_C@_07DIOJGNEJ@maxiter?$AA@ 0000000180006230     julia_v4_1_api.obj
 0002:00001238       ??_C@_01PAPGNFGE@c?$AA@    0000000180006238     julia_v4_1_api.obj
 0002:00001240       ??_C@_0CF@OIONOIOI@EMLRT?3runTime?3TooManyOutputArgum@ 0000000180006240     julia_v4_1_mex.obj
 0002:00001268       ??_C@_0CC@IMHDKEMC@EMLRT?3runTime?3WrongNumberOfInput@ 0000000180006268     julia_v4_1_mex.obj
 0002:00001290       ??_C@_0BD@BMDBANMC@8?41?40?4604?5?$CIR2013a?$CJ?$AA@ 0000000180006290     julia_v4_1_mex.obj
 0002:000012a8       __real@4000000000000000    00000001800062a8     julia_v4_1_mex.obj
 0002:000012b0       __real@4008000000000000    00000001800062b0     julia_v4_1_mex.obj
 0002:000012b8       ??_C@_0P@FDPDNMBC@ConstantInputs?$AA@ 00000001800062b8     julia_v4_1_mex.obj
 0002:000012c8       ??_C@_0BA@HBLCOFA@NumberOfOutputs?$AA@ 00000001800062c8     julia_v4_1_mex.obj
 0002:000012d8       ??_C@_0P@DJPKAEOC@NumberOfInputs?$AA@ 00000001800062d8     julia_v4_1_mex.obj
 0002:000012e8       ??_C@_04FABLJDN@Name?$AA@  00000001800062e8     julia_v4_1_mex.obj
 0002:000012f0       ??_C@_0M@HOOGCLMJ@EntryPoints?$AA@ 00000001800062f0     julia_v4_1_mex.obj
 0002:00001300       ??_C@_0BC@PFKIGKIM@ResolvedFunctions?$AA@ 0000000180006300     julia_v4_1_mex.obj
 0002:00001318       ??_C@_07NGFJPNPN@Version?$AA@ 0000000180006318     julia_v4_1_mex.obj
 0002:00001320       _pRawDllMain               0000000180006320     MSVCRT:crtdll.obj
 0002:00001320       _pDefaultRawDllMain        0000000180006320     MSVCRT:crtdll.obj
 0002:00001338       __rtc_iaa                  0000000180006338     MSVCRT:_initsect_.obj
 0002:00001340       __rtc_izz                  0000000180006340     MSVCRT:_initsect_.obj
 0002:00001348       __rtc_taa                  0000000180006348     MSVCRT:_initsect_.obj
 0002:00001350       __rtc_tzz                  0000000180006350     MSVCRT:_initsect_.obj
 0002:00001590       __IMPORT_DESCRIPTOR_libmx  0000000180006590     libmx:libmx.dll
 0002:000015a4       __IMPORT_DESCRIPTOR_libmex 00000001800065a4     libmex:libmex.dll
 0002:000015b8       __IMPORT_DESCRIPTOR_libemlrt 00000001800065b8     libemlrt:libemlrt.dll
 0002:000015cc       __IMPORT_DESCRIPTOR_libmwmathutil 00000001800065cc     libmwmathutil:libmwmathutil.dll
 0002:000015e0       __IMPORT_DESCRIPTOR_MSVCR100 00000001800065e0     MSVCRT:MSVCR100.dll
 0002:000015f4       __IMPORT_DESCRIPTOR_KERNEL32 00000001800065f4     kernel32:KERNEL32.dll
 0002:00001608       __NULL_IMPORT_DESCRIPTOR   0000000180006608     libmx:libmx.dll
 0003:00000400       emlrtContextGlobal         0000000180008400     julia_v4_1_mex.obj
 0003:00000440       __security_cookie          0000000180008440     MSVCRT:gs_cookie.obj
 0003:00000448       __security_cookie_complement 0000000180008448     MSVCRT:gs_cookie.obj
 0003:00000450       _fltused                   0000000180008450     MSVCRT:dllsupp.obj
 0003:00000460       __native_dllmain_reason    0000000180008460     MSVCRT:natstart.obj
 0003:00000464       __native_vcclrit_reason    0000000180008464     MSVCRT:natstart.obj
 0003:00000470       emlrtRootTLSGlobal         0000000180008470     julia_v4_1_mex.obj
 0003:000009f0       ?__type_info_root_node@@3U__type_info_node@@A 00000001800089f0     MSVCRT:tncleanup.obj
 0003:00000a00       emlrtBreakCheckR2012bFlagVar 0000000180008a00     <common>
 0003:00000a08       __native_startup_state     0000000180008a08     <common>
 0003:00000a10       __native_startup_lock      0000000180008a10     <common>
 0003:00000a18       __onexitend                0000000180008a18     <common>
 0003:00000a20       __onexitbegin              0000000180008a20     <common>
 0003:00000a28       __dyn_tls_init_callback    0000000180008a28     <common>

 entry point at        0001:0000347c

 Static symbols

 0001:000000d0       check_forloop_overflow_error 00000001800010d0 f   julia_v4_1.obj
 0001:000002b0       eml_li_find                00000001800012b0 f   julia_v4_1.obj
 0001:000015c0       g_emlrt_marshallIn         00000001800025c0 f   julia_v4_1_api.obj
 0001:000016a0       info_helper                00000001800026a0 f   julia_v4_1_api.obj
 0001:00002620       e_emlrt_marshallIn         0000000180003620 f   julia_v4_1_api.obj
 0001:00002b50       julia_v4_1_mexFunction     0000000180003b50 f   julia_v4_1_mex.obj
 0001:00003084       pre_c_init                 0000000180004084 f   MSVCRT:crtdll.obj
 0001:00003340       __DllMainCRTStartup        0000000180004340 f   MSVCRT:crtdll.obj
 0001:00003940       __DllMainCRTStartup$filt$0 0000000180004940 f   MSVCRT:crtdll.obj
 0001:00003970       __DllMainCRTStartup$fin$1  0000000180004970 f   MSVCRT:crtdll.obj
 0001:0000398a       _onexit$fin$0              000000018000498a f   MSVCRT:atonexit.obj
 0001:000039b0       _IsNonwritableInCurrentImage$filt$0 00000001800049b0 f   MSVCRT:pesect.obj
